// Jest Snapshot v1, https://goo.gl/fbAQLP

exports[`PrimaryButton renders correctly 1`] = `
<button
  className="button_primary c"
  disabled={undefined}
  onClick={[Function]}
  title="t"
>
  children
</button>
`;
